$v0: 3
X
X
3126377 314 Kevin T. McDonnell
T
553654 290 Kelly Chen
