$v0: -1
X
X
3126377 314 Kevin T. McDonnell
1264352 511 Wolfie Seawolf
553654 290 Kelly Chen
