$v0: 0
T
X
X
3126378 314 Kevin T. McDonnell
1264353 511 Wolfie Seawolf
