4194303 1023 This is supposed to be a long test case