1234567 5 Th3 quick Br0wn F0x jumps ov3r 13 lazy d0gs @ 7:45 PM!