3126375 314 Kevin T. McDonnell
1264356 511 Wolfie Seawolf
553656 290 Kelly Chen
