$v0: 0
553618 290 Kelly Chen
X
X
3126313 314 Kevin T. McDonnell
1264324 511 Wolfie Seawolf
