$v0: 3
X
X
3126312 314 Kevin T. McDonnell
553617 290 Kelly Chen
1264324 511 Wolfie Seawolf
