$v0: -1
3126310 314 Kevin T. McDonnell
1264321 511 Wolfie Seawolf
553612 290 Kelly Chen
